<html>
<body>
<pre>
<h1>礦ision Build Log</h1>
<h2>Project:</h2>
C:\Users\Administrator\Desktop\工程模板\工程模板.uvproj
Project File Date:  09/13/2018

<h2>Output:</h2>
Rebuild target 'Target 1'
compiling main.c...
compiling stm32f10x_it.c...
compiling core_cm3.c...
compiling system_stm32f10x.c...
assembling startup_stm32f10x_hd.s...
compiling stm32f10x_gpio.c...
compiling stm32f10x_rcc.c...
compiling LED.C...
linking...
Program Size: Code=2696 RO-data=336 RW-data=40 ZI-data=1632  
FromELF: creating hex file...
".\output\工程模板.axf" - 0 Error(s), 0 Warning(s).
W-data=40 ZI-data=1632  
".\output\工程模板.axf" - 0 Error(s), 1 Warning(s).
